Checking PT...
ID: 1, Title: "Residência Moderna", Image: /images/edicao.jpg
ID: 2, Title: "Pátio Conceito", Image: /images/visualizacao.jpg
ID: 3, Title: "Casa Cubista Moderna", Image: /images/renderizacao.jpeg
ID: 4, Title: "Lounge residencial", Image: /images/decoracao.jpg
ID: 5, Title: "Edifício Corporativo", Image: /images/ampliacao.jpg
ID: 6, Title: "Casa de Praia", Image: /images/back.jpg
ID: 7, Title: "Átrio a céu aberto", Image: /images/adicao.jpg
---
Checking EN...
ID: 1, Title: "Modern Residence", Image: /images/edicao.jpg
ID: 2, Title: "Concept Patio", Image: /images/visualizacao.jpg
ID: 3, Title: "Modern Cubist House", Image: /images/renderizacao.jpeg
ID: 4, Title: "Residential Lounge", Image: /images/decoracao.jpg
ID: 5, Title: "Corporate Building", Image: /images/ampliacao.jpg
ID: 6, Title: "Beach House", Image: /images/back.jpg
ID: 7, Title: "Open-Air Atrium", Image: /images/adicao.jpg
---
Check complete.
